
===========================================================================
 report_power
============================================================================
======================= Fastest Corner ===================================

Group                  Internal  Switching    Leakage      Total
                          Power      Power      Power      Power (Watts)
----------------------------------------------------------------
Sequential             1.01e-05   1.00e-06   9.61e-09   1.11e-05  12.5%
Combinational          6.20e-05   1.56e-05   4.12e-10   7.76e-05  87.5%
Macro                  0.00e+00   0.00e+00   0.00e+00   0.00e+00   0.0%
Pad                    0.00e+00   0.00e+00   0.00e+00   0.00e+00   0.0%
----------------------------------------------------------------
Total                  7.20e-05   1.66e-05   1.00e-08   8.86e-05 100.0%
                          81.3%      18.7%       0.0%

======================= Slowest Corner ===================================

Group                  Internal  Switching    Leakage      Total
                          Power      Power      Power      Power (Watts)
----------------------------------------------------------------
Sequential             6.76e-06   6.55e-07   3.84e-08   7.45e-06  12.1%
Combinational          4.38e-05   1.03e-05   1.53e-07   5.43e-05  87.9%
Macro                  0.00e+00   0.00e+00   0.00e+00   0.00e+00   0.0%
Pad                    0.00e+00   0.00e+00   0.00e+00   0.00e+00   0.0%
----------------------------------------------------------------
Total                  5.06e-05   1.10e-05   1.92e-07   6.17e-05 100.0%
                          81.9%      17.8%       0.3%

======================= Typical Corner ===================================

Group                  Internal  Switching    Leakage      Total
                          Power      Power      Power      Power (Watts)
----------------------------------------------------------------
Sequential             8.65e-06   8.40e-07   9.61e-09   9.50e-06  12.4%
Combinational          5.39e-05   1.32e-05   2.04e-10   6.71e-05  87.6%
Macro                  0.00e+00   0.00e+00   0.00e+00   0.00e+00   0.0%
Pad                    0.00e+00   0.00e+00   0.00e+00   0.00e+00   0.0%
----------------------------------------------------------------
Total                  6.26e-05   1.40e-05   9.81e-09   7.66e-05 100.0%
                          81.7%      18.3%       0.0%

