
===========================================================================
 report_power
============================================================================
======================= Fastest Corner ===================================

Group                  Internal  Switching    Leakage      Total
                          Power      Power      Power      Power (Watts)
----------------------------------------------------------------
Sequential             1.01e-05   9.70e-07   9.61e-09   1.10e-05  12.5%
Combinational          6.20e-05   1.54e-05   4.12e-10   7.74e-05  87.5%
Macro                  0.00e+00   0.00e+00   0.00e+00   0.00e+00   0.0%
Pad                    0.00e+00   0.00e+00   0.00e+00   0.00e+00   0.0%
----------------------------------------------------------------
Total                  7.20e-05   1.63e-05   1.00e-08   8.84e-05 100.0%
                          81.5%      18.5%       0.0%

======================= Slowest Corner ===================================

Group                  Internal  Switching    Leakage      Total
                          Power      Power      Power      Power (Watts)
----------------------------------------------------------------
Sequential             6.76e-06   6.34e-07   3.84e-08   7.44e-06  12.1%
Combinational          4.38e-05   1.02e-05   1.53e-07   5.41e-05  87.9%
Macro                  0.00e+00   0.00e+00   0.00e+00   0.00e+00   0.0%
Pad                    0.00e+00   0.00e+00   0.00e+00   0.00e+00   0.0%
----------------------------------------------------------------
Total                  5.05e-05   1.08e-05   1.92e-07   6.16e-05 100.0%
                          82.1%      17.6%       0.3%

======================= Typical Corner ===================================

Group                  Internal  Switching    Leakage      Total
                          Power      Power      Power      Power (Watts)
----------------------------------------------------------------
Sequential             8.66e-06   8.13e-07   9.61e-09   9.48e-06  12.4%
Combinational          5.39e-05   1.30e-05   2.04e-10   6.69e-05  87.6%
Macro                  0.00e+00   0.00e+00   0.00e+00   0.00e+00   0.0%
Pad                    0.00e+00   0.00e+00   0.00e+00   0.00e+00   0.0%
----------------------------------------------------------------
Total                  6.26e-05   1.38e-05   9.81e-09   7.64e-05 100.0%
                          81.9%      18.1%       0.0%

