
===========================================================================
 report_power
============================================================================
======================= Fastest Corner ===================================

Group                  Internal  Switching    Leakage      Total
                          Power      Power      Power      Power (Watts)
----------------------------------------------------------------
Sequential             1.00e-05   1.04e-06   9.61e-09   1.11e-05  12.5%
Combinational          6.20e-05   1.58e-05   4.12e-10   7.78e-05  87.5%
Macro                  0.00e+00   0.00e+00   0.00e+00   0.00e+00   0.0%
Pad                    0.00e+00   0.00e+00   0.00e+00   0.00e+00   0.0%
----------------------------------------------------------------
Total                  7.20e-05   1.68e-05   1.00e-08   8.89e-05 100.0%
                          81.0%      19.0%       0.0%

======================= Slowest Corner ===================================

Group                  Internal  Switching    Leakage      Total
                          Power      Power      Power      Power (Watts)
----------------------------------------------------------------
Sequential             6.76e-06   6.77e-07   3.84e-08   7.47e-06  12.1%
Combinational          4.38e-05   1.05e-05   1.53e-07   5.44e-05  87.9%
Macro                  0.00e+00   0.00e+00   0.00e+00   0.00e+00   0.0%
Pad                    0.00e+00   0.00e+00   0.00e+00   0.00e+00   0.0%
----------------------------------------------------------------
Total                  5.06e-05   1.12e-05   1.92e-07   6.19e-05 100.0%
                          81.7%      18.0%       0.3%

======================= Typical Corner ===================================

Group                  Internal  Switching    Leakage      Total
                          Power      Power      Power      Power (Watts)
----------------------------------------------------------------
Sequential             8.65e-06   8.68e-07   9.61e-09   9.53e-06  12.4%
Combinational          5.39e-05   1.34e-05   2.04e-10   6.73e-05  87.6%
Macro                  0.00e+00   0.00e+00   0.00e+00   0.00e+00   0.0%
Pad                    0.00e+00   0.00e+00   0.00e+00   0.00e+00   0.0%
----------------------------------------------------------------
Total                  6.26e-05   1.42e-05   9.81e-09   7.68e-05 100.0%
                          81.5%      18.5%       0.0%

